// Jest Snapshot v1, https://goo.gl/fbAQLP

exports[`Deck component renders Deck 1`] = `
<section>
  <header>
    <h2>
      hello
    </h2>
  </header>
  <Card>
    <Component />
  </Card>
</section>
`;
